4pda.to
4pda.ws
habr.com
claude.ai
claude.com
anthropic.com
intercom.io
downloads.intercomcdn.com
anthropic.qualtrics.com
openai.com
chatgpt.com
oaistatic.com
oaiusercontent.com
chat.com
ai.com
chat.openai.com.cdn.cloudflare.net
production-openaicom-storage.azureedge.net
x.ai
grok.com
grok.x.com
deepmind.com
deepmind.google
geller-pa.googleapis.com
generativelanguage.googleapis.com
proactivebackend-pa.googleapis.com
ai.google.dev
generativeai.google
makersuite.google.com
aistudio.google.com
bard.google.com
gemini.google
gemini.google.com
notebooklm.google.com
clients6.google.com
notebooklm.google
jules.google
jules.google.com
labs.google
aisandbox-pa.googleapis.com
stitch.withgoogle.com
robinfrontend-pa.googleapis.com
aida.googleapis.com
antigravity-pa.googleapis.com
antigravity.googleapis.com
antigravity.google
antigravity-unleash.goog
firebaseinstallations.googleapis.com
speechs3proto2-pa.googleapis.com
byteoversea.com
ibytedtos.com
muscdn.com
musical.ly
tik-tokapi.com
tiktok.com
tiktokcdn-us.com
tiktokcdn-eu.com
tiktokcdn.com
tiktokd.net
tiktokd.org
tiktokv.com
tiktokv.us
tiktokw.us
ttwstatic.com
tiktokv.eu