hdrezka.ag
hdrezka.ac
hdrezka.me
hd-rezka.tv
voidboost.cc
rezka.ag
rezka.my
rezkify.com
rezka-ua.in
hdrezka.tv
hdrezka.tech
rezka.tv
rezka.fi
rezka.land
rezka.cc
hdrzk.org
hdrezka.app
instagram.com
ig.me
facebook.com
facebook.net
cdninstagram.com
fbcdn.net
fbsbx.com
internalfb.com
oculus.com
meta.com
threads.net
fb.com
whatsapp.com
whatsapp.net
whatsapp.biz
wa.me
circlecrewpinkcrowd.com
cdn-telegram.org
comments.app
contest.com
fragment.com
graph.org
quiz.directory
t.me
tdesktop.com
telega.one
telegra.ph
telegram-cdn.org
telegram.dog
telegram.me
telegram.org
telegram.space
telesco.pe
tg.dev
tx.me
usercontent.dev
ton.org
youtube.com
ytimg.com
yting.com
ggpht.com
googlevideo.com
youtubekids.com
youtu.be
yt.be
youtube-nocookie.com
wide-youtube.l.google.com
ytimg.l.google.com
youtubei.googleapis.com
youtubeembeddedplayer.googleapis.com
youtube-ui.l.google.com
yt-video-upload.l.google.com
jnn-pa.googleapis.com
returnyoutubedislikeapi.com
yt3.googleusercontent.com
notion.site
ntc.party
